unhandledRejection [Error: UNKNOWN: unknown error, read] {
  errno: -4094,
  code: 'UNKNOWN',
  syscall: 'read'
}
